 1:Dashboard  2:Messages  3:Threads  4:Agents  5:Reservations  6:Tool Metrics   
0 agents | Sort: Active ▼                                                       
Name               │Program        │Model          │Last Active    │Msgs        
                                                                                
                                                                                
                                                                                
                                                                                
                                                                                
                                                                                
                                                                                
                                                                                
                                                                                
                                                                                
                                                                                
                                                                                
                                                                                
                                                                                
                                                                                
                                                                                
                                                                                
                                                                                
                                                                                
                                                                                
 Agents | mode:api up:0m00s           req:0 ok:0 err:0 avg:0ms          ? help  