 7◴ Tool Metrics · 8♥ System Health ╎ 9◷ Timeline · 10▣ Projects ╎ 11◉ Contacts 
╭ System Health ───────────────────────────────────────────────────────────────╮
│                                                                              │
│ ── Configuration ──                                              PROBING...  │
│ Endpoint:                                                                    │
│ Mail UI:                                                                     │
│ Auth:      disabled (token: false, len: 0)                                   │
│ Checked:   (never)                                                           │
│ Uptime:    0s                                                                │
│                                                                              │
│ ── ATC Operator ──                                                           │
│ ATC:       disabled ()                                                       │
│ Learning:  kill-switch disabled                                              │
│ Ticks:     0 ticks  0 decisions  0 deadlocks                                 │
│ Heartbeat: last_tick=1970-01-01T00:00:00+00:00  age=--  stale=false          │
│ Budget:    tick=0us / 0us  p95≈0us  safe_mode=false  tracked=0               │
│ Rollup:    count=0  p95=0us  retention=within-policy                         │
│                                                                              │
│ r Refresh  v Dashboard  o Open Mail UI  y Copy Mail UI                       │
│                                                                              │
│                                                                              │
│                                                                              │
╰──────────────────────────────────────────────────────────────────────────────╯
 System Health mcp up:0m00s                                        LIVE [^P] F1 