 1◈ Dashboard ╎ 2✉ Messages · 3◍ Threads ╎ 4⚙ Agents ╎ 5⌕ Search ╎ 6⚿ Reservations ╎ 7◴ Tool Metrics · 8♥ System Health ╎ 9◷ Timeline · 10▣ Projects           >
╭───────────╮╭───────────╮╭───────────╮╭───────────╮╭───────────╮╭───────────╮╭───────────╮╭───────────╮╭───────────╮╭───────────╮╭───────────╮╭───────────────╮
│Messages   ││Ack Pend   ││Locks      ││Agents     ││Contacts   ││Projects   ││Requests   ││Avg Lat    ││Error %    ││Ring Fill  ││Drops      ││Uptime         │
╰───────────╯╰───────────╯╰───────────╯╰───────────╯╰───────────╯╰───────────╯╰───────────╯╰───────────╯╰───────────╯╰───────────╯╰───────────╯╰───────────────╯
╭Events (0/0) [FOLLOW] [Verbose] [filter: All]─────────────────────────────────────────────────────────────────────────────────────────────────────────────────╮
│                                                                                                                                                              │
│  [1:All]  [2:Msg]  [3:Tools]  [4:Resv]                                                                                                                       │
│ No events yet.                                                                                                                                               │
│ Waiting for HTTP/tool/message ╭────────────────────────────────────── Command Palette ───────────────────────────────────────╮                               │
│ Enter opens Timeline/Search co│>Type to search...                                                                            │                               │
│                               │> [App] Quit  Exit AgentMailTUI (requests shutdown)                                           │                               │
│                               │  [Diagnostics] Go to ATC  Air Traffic Controller decision engine with agent liveness, confli…│                               │
│                               │  [Appearance] Cycle Theme  Switch to the next color theme (Ctrl+T / Shift+T)                 │                               │
│                               │  [Operations] Go to Agents  Agent roster with status and activity [key: 4]                   │                               │
│                               │  [Communication] Go to Search  Unified search across messages, agents, and projects with fac…│                               │
│                               │  [Layout] Reset Layout  Reset dock layout to factory defaults (Right 40%)                    │                               │
│                               │  [Macros] Record Macro  Start recording a new operator macro                                 │                               │
│                               │  [Communication] Go to Threads  Thread explorer with conversation view [key: 3]              │                               │
│                               │  [Layout] Export Layout  Save current dock layout to layout.json                             │                               │
│                               │  [Layout] Import Layout  Load dock layout from layout.json                                   │                               │
│                               │  [Communication] Go to Messages  Search and browse messages with detail panel [key: 2]       │                               │
│                               │  [Navigate] Go to Timeline  Chronological event timeline with cursor + inspector [key: 9]    │                               │
│                               ╰──────────────────────────────────────────────────────────────────────────────────────────────╯                               │
│                                                                                                                                                              │
│                                                                                                                                                              │
│                                                                                                                                                              │
│                                                                                                                                                              │
│                                                                                                                                                              │
│                                                                                                                                                              │
│                                                                                                                                                              │
│                                                                                                                                                              │
│                                                                                                                                                              │
│                                                                                                                                                              │
│                                                                                                                                                              │
│                                                                                                                                                              │
│                                                                                                                                                              │
│                                                                                                                                                              │
│                                                                                                                                                              │
│                                                                                                                                                              │
│                                                                                                                                                              │
│                                                                                                                                                              │
│                                                                                                                                                              │
│                                                                                                                                                              │
│                                                                                                                                                              │
│                                                                                                                                                              │
╰──────────────────────────────────────────────────────────────────────────────────────────────────────────────────────────────────────────────────────────────╯
 Req:0 Avg:0ms 2xx:0 4xx:0 5xx:0   Events:0/10000 (0%) Drops:0                                                                                                  
 Dashboard mcp up:0m00s                              req:0 ok:0 err:0 avg:0ms ·  j/k  Scroll event log                              LIVE Cyberpunk Aurora [^P] F