 1◈ Dashboard ╎ 2✉ Messages · 3◍ Threads ╎ 4⚙ Agents ╎ 5⌕ Search               >
Messages   Ack Pend   Locks      Agents     Contacts   Requests   Avg Lat       
Error %                                                                         
╭Events (0/0) [FOLLOW] [Verbose] [filter: All]─────────────────────────────────╮
│               ╭────────────── Command Palette ───────────────╮               │
│  [1:All]  [2:M│>Type to search...                            │               │
│ No events yet.│> [App] Quit  Exit AgentMailTUI (requests shu…│               │
│ Waiting for HT│  [Diagnostics] Go to ATC  Air Traffic Contro…│               │
│ Enter opens Ti│  [Appearance] Cycle Theme  Switch to the nex…│.              │
│               │  [Operations] Go to Agents  Agent roster wit…│               │
│               │  [Communication] Go to Search  Unified searc…│               │
│               │  [Layout] Reset Layout  Reset dock layout to…│               │
│               │  [Macros] Record Macro  Start recording a ne…│               │
│               │  [Communication] Go to Threads  Thread explo…│               │
│               │  [Layout] Export Layout  Save current dock l…│               │
│               │  [Layout] Import Layout  Load dock layout fr…│               │
│               │  [Communication] Go to Messages  Search and …│               │
│               │  [Navigate] Go to Timeline  Chronological ev…│               │
│               ╰──────────────────────────────────────────────╯               │
│                                                                              │
│                                                                              │
│                                                                              │
╰──────────────────────────────────────────────────────────────────────────────╯
 Dashboard mcp up:0m00s                                            LIVE [^P] F1 