< 3◍ Threads ╎ 4⚙ Agents ╎ 5⌕ Search ╎ 6⚿ Reservations ╎ 7◴ Tool Metrics · 8♥ System Health        >
╭◐ Search Messages (0 results, 0 filters) [Right 40%]──────────────────────────────────────────────╮
│                                                                                                  │
│  Search across messages, agents, projects... (/ to focus)                                        │
│  Route: /search                                                                                  │
│                                                                                                  │
╰──────────────────────────────────────────────────────────────────────────────────────────────────╯
╭Facets────────────╮ ╭Results──────────────────────────────────────╮ ╭Detail───────────────────────╮
│                  │ │                                             │ │                             │
│   Scope          │ │    No results found.                        │ │                             │
│   [Global]       │ │                                             │ │  Select a result to view    │
│   Doc Type       │ │                                             │ │                             │
│   [Messages]     │ │                                             │ │                             │
│   Search Mode    │ │                                             │ │                             │
│   [Auto]         │ │                                             │ │                             │
│   Importance     │ │                                             │ │                             │
│   [Any]          │ │                                             │ │                             │
│   Ack Required   │ │                                             │ │                             │
│   [Any]          │ │                                             │ │                             │
│   Sort Order     │ │                                             │ │                             │
│   [Newest]       │ │                                             │ │                             │
│   Search Field   │ │                                             │ │                             │
│   [Subject+Body] │ │                                             │ │                             │
│   Explain        │ │                                             │ │                             │
│   [Off]          │ │                                             │ │                             │
│                  │ │                                             │ │                             │
│                  │ │                                             │ │                             │
│                  │ │                                             │ │                             │
╰──────────────────╯ ╰─────────────────────────────────────────────╯ ╰─────────────────────────────╯
 Search mcp up:0m00s   req:0 ok:0 err:0 avg:0ms ·  /  Focus query bar   LIVE Cyberpunk Aurora [^P] F