 1:Dashboard  2:Messages  3:Threads  4:Agents  5:Reservations  6:Tool Metrics   
Up: 0s  Avg: 0ms          Proj:     0  Agents:     0(no agents)                 
Req: 0 2xx:0 4xx:0 5xx:0  Msg:      0  Reserv:     0                            
                          Links:    0  AckPnd:     0                            
                                                                                
                                                                                
                           ███████████████████ 100%                             
                                                                                
                                                                                
                                                                                
                                                                                
                                                                                
                                                                                
                                                                                
                                                                                
                                                                                
                                                                                
                                                                                
                                                                                
                                                                                
                                                                                
                                                                                
 Req:0 Avg:0ms 2xx:0 4xx:0 5xx:0 | Events:0/10000 (0%) Drops:0                  
 Dashboard | mode:api up:0m00s         req:0 ok:0 err:0 avg:0ms         ? help  