 1◈ Dashboard ╎ 2✉ Messages · 3◍ Threads ╎ 4⚙ Agents ╎ 5⌕ Search               >
Messages   Ack Pend   Locks      Agents     Contacts   Requests   Avg Lat       
Error %                                                                         
╭Events (0/0) [FOLLOW] [Verbose] [filter: All]─────────────────────────────────╮
│          ╭ Help & Keybindings (j/k to scroll) (F1/Esc close) ────╮           │
│  [1:All] │[2:Msg]  [3:Tools]  [4:Resv]                           │           │
│ No events│ye Dashboard                                           │           │
│ Waiting f│r HOverview of projects, agents, and live request cou  │           │
│ Enter ope│s TUse this screen for first-pass operational triage   │           │
│          │                                                       │           │
│          │   Bindings on this screen are rendered live below fr  │           │
│          │                                                       │           │
│          │   Robot CLI equivalent: `am robot status --project /  │           │
│          │                                                       │           │
│          │   Related screens: System Health, Timeline, Analytic  │           │
│          │     j/k      Scroll event log                         │           │
│          │     Enter    Search (if query) or timeline event      │           │
│          │     /        Focus live dashboard search              │           │
│          │                                                       │           │
│          ╰───────────────────────────────────────────────────────╯           │
│                                                                              │
│                                                                              │
╰──────────────────────────────────────────────────────────────────────────────╯
 Dashboard mcp up:0m00s                                          LIVE [^P] [F1] 