< 3◍ Threads ╎ 4⚙ Agents ╎ 5⌕ Search ╎ 6⚿ Reservations ╎ 7◴ Tool Metrics       >
╭◐ Search Messages (0 results, 0 filters) [Right 40%]──────────────────────────╮
│                                                                              │
│  Search across messages, agents, projects... (/ to focus)                    │
│  Route: /search                                                              │
│                                                                              │
╰──────────────────────────────────────────────────────────────────────────────╯
╭Facets────────╮ ╭Results─────────────────────────────╮ ╭Detail────────────────╮
│              │ │                                    │ │                      │
│   Scope      │ │    No results found.               │ │                      │
│   [Global]   │ │                                    │ │  Select a result t   │
│   Doc Type   │ │                                    │ │                      │
│   [Messages] │ │                                    │ │                      │
│   Search Mo… │ │                                    │ │                      │
│   [Auto]     │ │                                    │ │                      │
│   Importance │ │                                    │ │                      │
│   [Any]      │ │                                    │ │                      │
│   Ack Requi… │ │                                    │ │                      │
│   [Any]      │ │                                    │ │                      │
│   Sort Order │ │                                    │ │                      │
│   [Newest]   │ │                                    │ │                      │
│              │ │                                    │ │                      │
╰──────────────╯ ╰────────────────────────────────────╯ ╰──────────────────────╯
 Search mcp up:0m00s                                               LIVE [^P] F1 