 1◈ Dashboard ╎ 2✉ Messages · 3◍ Threads ╎ 4⚙ Agents ╎ 5⌕ Search ╎ 6⚿ Reservations                 >
Messages    Ack Pend    Locks       Agents      Contacts    Requests    Avg Lat     Error %         
0 ─         0 ─         0 ─         0 ─         0 ─         0 ─         0ms ─       0.0% ─          
╭Events (0/0) [FOLLOW] [Verbose] [filter: All]─────────────────────────────────────────────────────╮
│                                                                                                  │
│  [A:All]  [M:Msg]  [O:Tools]  [R:Resv]                                                           │
│ No events yet.                                                                                   │
│ Waiting for HTTP/tool/message traffic and health pulses.                                         │
│ Enter opens Timeline/Search context when results are available.                                  │
│                                                                                                  │
│                                                                                                  │
│                                                                                                  │
│                                                                                                  │
│                                                                                                  │
│                                                                                                  │
│                                                                                                  │
│                                                                                                  │
│                                                                                                  │
│                                                                                                  │
│                                                                                                  │
│                                                                                                  │
│                                                                                                  │
│                                                                                                  │
│                                                                                                  │
│                                                                                                  │
│                                                                                                  │
│                                                                                                  │
│                                                                                                  │
╰──────────────────────────────────────────────────────────────────────────────────────────────────╯
 Dashboard mcp up:0m00s           req:0 ok:0 err:0 avg:0ms            LIVE Cyberpunk Aurora [^P] F1 