 1◈ Dashboard ╎ 2✉ Messages · 3◍ Threads ╎ 4⚙ Agents ╎ 5⌕ Search ╎ 6⚿ Reservations ╎ 7◴ Tool Metrics · 8♥ System Health ╎ 9◷ Timeline · 10▣ Projects           >
╭◐ Search Messages (0 results, 0 filters) [Right 40%]──────────────────────────────────────────────────────────────────────────────────────────────────────────╮
│                                                                                                                                                              │
│  Search across messages, agents, projects... (/ to focus)                                                                                                    │
│  Route: /search                                                                                                                                              │
│                                                                                                                                                              │
╰──────────────────────────────────────────────────────────────────────────────────────────────────────────────────────────────────────────────────────────────╯
╭Facets────────────────────╮ ╭Results──────────────────────────────────────────────────────────────────────╮ ╭Detail───────────────────────────────────────────╮
│                          │ │                                                                             │ │                                                 │
│   Scope                  │ │    No results found.                                                        │ │                                                 │
│   [Global]               │ │                                                                             │ │  Select a result to view details.               │
│   Doc Type               │ │                                                                             │ │                                                 │
│   [Messages]             │ │                                                                             │ │                                                 │
│   Search Mode            │ │                                                                             │ │                                                 │
│   [Auto]                 │ │                                                                             │ │                                                 │
│   Importance             │ │                                                                             │ │                                                 │
│   [Any]                  │ │                                                                             │ │                                                 │
│   Ack Required           │ │                                                                             │ │                                                 │
│   [Any]                  │ │                                                                             │ │                                                 │
│   Sort Order             │ │                                                                             │ │                                                 │
│   [Newest]               │ │                                                                             │ │                                                 │
│   Search Field           │ │                                                                             │ │                                                 │
│   [Subject+Body]         │ │                                                                             │ │                                                 │
│   Explain                │ │                                                                             │ │                                                 │
│   [Off]                  │ │                                                                             │ │                                                 │
│                          │ │                                                                             │ │                                                 │
│                          │ │                                                                             │ │                                                 │
│                          │ │                                                                             │ │                                                 │
│                          │ │                                                                             │ │                                                 │
│                          │ │                                                                             │ │                                                 │
│                          │ │                                                                             │ │                                                 │
│                          │ │                                                                             │ │                                                 │
│                          │ │                                                                             │ │                                                 │
│                          │ │                                                                             │ │                                                 │
│                          │ │                                                                             │ │                                                 │
│                          │ │                                                                             │ │                                                 │
│                          │ │                                                                             │ │                                                 │
│                          │ │                                                                             │ │                                                 │
│                          │ │                                                                             │ │                                                 │
│                          │ │                                                                             │ │                                                 │
│                          │ │                                                                             │ │                                                 │
│                          │ │                                                                             │ │                                                 │
│                          │ │                                                                             │ │                                                 │
│                          │ │                                                                             │ │                                                 │
│ f:facets  L:query lab  … │ │                                                                             │ │                                                 │
│                          │ │                                                                             │ │                                                 │
╰──────────────────────────╯ ╰─────────────────────────────────────────────────────────────────────────────╯ ╰─────────────────────────────────────────────────╯
 Search mcp up:0m00s                      req:0 ok:0 err:0 avg:0ms ·  /  Focus query bar ·  f  Focus facet rail                       LIVE Cyberpunk Aurora [^P]