 1:Dashboard  2:Messages  3:Threads  4:Agents  5:Reservations  6:Tool Metrics   
Endpoint:                                                                       
Web UI:                                                                         
Auth:     disabled (token_present: false, len: 0)                               
Checked:  (never)                                                               
                                                                                
Connection diagnostics:                                                         
- [OK] tcp::0  0ms                                                              
                                                                                
Keys: r refresh                                                                 
                                                                                
                                                                                
                                                                                
                                                                                
                                                                                
                                                                                
                                                                                
                                                                                
                                                                                
                                                                                
                                                                                
                                                                                
                                                                                
 System Health | mode:api up:0m00s       req:0 ok:0 err:0 avg:0ms       ? help  