 1◈ Dashboard ╎ 2✉ Messages · 3◍ Threads ╎ 4⚙ Agents ╎ 5⌕ Search               >
 / Filter threads                                                               
╭Threads (0)  [v]Activity  [s]Recent───────────────────────────────────────────╮
│                                                                              │
│   No threads found.                                                          │
│                                                                              │
│                                                                              │
│                                                                              │
│                                                                              │
╰──────────────────────────────────────────────────────────────────────────────╯
                                                                                
╭Thread Detail─────────────────────────────────────────────────────────────────╮
│                                                                              │
│  Select a thread to view conversation.                                       │
│                                                                              │
│                                                                              │
│                                                                              │
│                                                                              │
│                                                                              │
│                                                                              │
│                                                                              │
│                                                                              │
╰──────────────────────────────────────────────────────────────────────────────╯
 Threads mcp up:0m00s                                              LIVE [^P] F1 