Up: 0s  Avg: Proj:     0  (no agents)   
Req: 0 2xx:0 Msg:      0                
             Links:    0                
                                        
                                        
              ██████ 100%               
                                        
                                        
                                        
                                        
                                        
 Req:0 Avg:0ms 2xx:0 4xx:0 5xx:0 | Event