Messages   Ack Pend   Locks      Agents     Contacts   Requests   Avg Lat       
Error %                                                                         
╭Events (0/0) [FOLLOW] [Verbose] [filter: All]─────────────────────────────────╮
│                                                                              │
│  [A:All]  [M:Msg]  [O:Tools]  [R:Resv]                                       │
│ No events yet.                                                               │
│ Waiting for HTTP/tool/message traffic and health pulses.                     │
│ Enter opens Timeline/Search context when results are available.              │
│                                                                              │
│                                                                              │
│                                                                              │
│                                                                              │
│                                                                              │
│                                                                              │
│                                                                              │
│                                                                              │
│                                                                              │
│                                                                              │
│                                                                              │
│                                                                              │
│                                                                              │
│                                                                              │
│                                                                              │
╰──────────────────────────────────────────────────────────────────────────────╯