Uptime          Requests        Avg Lat         Messages        Agents          
0s ─            0 ─             0ms ─           0 ─             0 ─             
                                                                                
                                                                                
                                                                                
                                                                                
                                                                                
                                                                                
                                                                                
                                                                                
                                                                                
                                                                                
                                                                                
                                                                                
                                                                                
                                                                                
                                                                                
                                                                                
                                                                                
                                                                                
                                                                                
                                                                                
                                                                                
 Req:0 Avg:0ms 2xx:0 4xx:0 5xx:0 | Events:0/10000 (0%) Drops:0                  