Msg       Ack       Locks     Req       
0 ─       0 ─       0 ─       0 ─       
╭Events (0/0) [FOLLOW] [Verbose] [filte╮
│                                      │
│  [A:All]  [M:Msg]  [O:Tools]         │
│  [R:Resv]                            │
│ No events yet.                       │
│ Waiting for HTTP/tool/message traffi │
│ Enter opens Timeline/Search context  │
│                                      │
│                                      │
╰──────────────────────────────────────╯