 Search messages... (/ to focus)        
 ● ▁▂▃▄▅▆▇█▁▂  Mouse: click/select, ... 
 ▁▂▃▄▅▆ req:0 ok:0 err:0 avg:0ms spa... 
                                        
  No messages found.                    
                                        
                                        
                                        
                                        
                                        
                                        
                                        