Search messages... (/ to focus)         
                                        
                                        
  No messages found.                    
                                        
                                        
                                        
                                        
                                        
                                        
                                        
                                        