 0 active | 0 exclusive | 0 shared | Sort: TTL▲                                 
Agent         │Path Pattern         │Excl  │TTL Remaining          │Project     
                                                                                
                                                                                
                                                                                
                                                                                
                                                                                
                                                                                
                                                                                
                                                                                
                                                                                
                                                                                
                                                                                
                                                                                
                                                                                
                                                                                
                                                                                
                                                                                
                                                                                
                                                                                
                                                                                
                                                                                
                                                                                
                                                                                