╭◐ Search Messages (0 results, 0 filters) [Right 40%]──────────────────────────────────────────────╮
│                                                                                                  │
│  Search across messages, agents, projects... (/ to focus)                                        │
│  Route: /search                                                                                  │
│                                                                                                  │
╰──────────────────────────────────────────────────────────────────────────────────────────────────╯
╭Facets────────────╮ ╭Results──────────────────────────────────────╮ ╭Detail───────────────────────╮
│                  │ │                                             │ │                             │
│   Scope          │ │    No results found.                        │ │                             │
│   [Global]       │ │                                             │ │  Select a result to view    │
│   Doc Type       │ │                                             │ │                             │
│   [Messages]     │ │                                             │ │                             │
│   Search Mode    │ │                                             │ │                             │
│   [Auto]         │ │                                             │ │                             │
│   Importance     │ │                                             │ │                             │
│   [Any]          │ │                                             │ │                             │
│   Ack Required   │ │                                             │ │                             │
│   [Any]          │ │                                             │ │                             │
│   Sort Order     │ │                                             │ │                             │
│   [Newest]       │ │                                             │ │                             │
│   Search Field   │ │                                             │ │                             │
│   [Subject+Body] │ │                                             │ │                             │
│   Explain        │ │                                             │ │                             │
│   [Off]          │ │                                             │ │                             │
│                  │ │                                             │ │                             │
│                  │ │                                             │ │                             │
│                  │ │                                             │ │                             │
│ f:facets  L:que… │ │                                             │ │                             │
│                  │ │                                             │ │                             │
╰──────────────────╯ ╰─────────────────────────────────────────────╯ ╰─────────────────────────────╯