Search across messages, agents, projects... (/ to focus)                        
Route: /search                                                                  
                                                                                
                                                                                
  Scope           No results found.           Select a result to view details.  
  [global]                                                                      
  Type                                                                          
  [Messages]                                                                    
  Imp.                                                                          
  [Any]                                                                         
  Ack                                                                           
  [Any]                                                                         
  Sort                                                                          
  [Newest]                                                                      
                                                                                
                                                                                
                                                                                
                                                                                
                                                                                
                                                                                
                                                                                
                                                                                
                                                                                
f:facets                                                                        