╭◐ Search Messages (0 results╮
│                            │
│                            │
╰────────────────────────────╯
 Facets hidden | type:Message…
╭Results─────────────────────╮
│                            │
│    No results found.       │
│                            │
╰────────────────────────────╯