Endpoint:                                                                       
Web UI:                                                                         
Auth:     disabled (token_present: false, len: 0)                               
Checked:  (never)                                                               
                                                                                
Connection diagnostics:                                                         
- [OK] tcp::0  0ms                                                              
                                                                                
Keys: r refresh                                                                 
                                                                                
                                                                                
                                                                                
                                                                                
                                                                                
                                                                                
                                                                                
                                                                                
                                                                                
                                                                                
                                                                                
                                                                                
                                                                                
                                                                                
                                                                                