╭ System Health ─────────────╮
│                            │
│ ── ConfiguratioPROBING...  │
│ Endpoint:                  │
│                            │
│ r Refresh  v Dashboard  o  │
│                            │
│                            │
│                            │
╰────────────────────────────╯