 / Filter threads                                                                                                                                               
╭Threads (0)  [v]Activity  [s]Recent───╮ ╭Thread Detail────────────────────────────────────────────────────────────────────────────────────────────────────────╮
│                                      │ │                                                                                                                     │
│  No threads found.                   │ │  Select a thread to view conversation.                                                                              │
│                                      │ │                                                                                                                     │
│                                      │ │                                                                                                                     │
│                                      │ │                                                                                                                     │
│                                      │ │                                                                                                                     │
│                                      │ │                                                                                                                     │
│                                      │ │                                                                                                                     │
│                                      │ │                                                                                                                     │
│                                      │ │                                                                                                                     │
│                                      │ │                                                                                                                     │
│                                      │ │                                                                                                                     │
│                                      │ │                                                                                                                     │
│                                      │ │                                                                                                                     │
│                                      │ │                                                                                                                     │
│                                      │ │                                                                                                                     │
│                                      │ │                                                                                                                     │
│                                      │ │                                                                                                                     │
│                                      │ │                                                                                                                     │
│                                      │ │                                                                                                                     │
│                                      │ │                                                                                                                     │
│                                      │ │                                                                                                                     │
│                                      │ │                                                                                                                     │
│                                      │ │                                                                                                                     │
│                                      │ │                                                                                                                     │
│                                      │ │                                                                                                                     │
│                                      │ │                                                                                                                     │
│                                      │ │                                                                                                                     │
│                                      │ │                                                                                                                     │
│                                      │ │                                                                                                                     │
│                                      │ │                                                                                                                     │
│                                      │ │                                                                                                                     │
│                                      │ │                                                                                                                     │
│                                      │ │                                                                                                                     │
│                                      │ │                                                                                                                     │
│                                      │ │                                                                                                                     │
│                                      │ │                                                                                                                     │
│                                      │ │                                                                                                                     │
│                                      │ │                                                                                                                     │
│                                      │ │                                                                                                                     │
│                                      │ │                                                                                                                     │
│                                      │ │                                                                                                                     │
│                                      │ │                                                                                                                     │
│                                      │ │                                                                                                                     │
│                                      │ │                                                                                                                     │
╰──────────────────────────────────────╯ ╰─────────────────────────────────────────────────────────────────────────────────────────────────────────────────────╯