 / Filter threads             
╭Threads (0)  [v]Activity …──╮
│                            │
│  No threads found.         │
│                            │
│                            │
│                            │
│                            │
╰────────────────────────────╯
 Enter/l: detail | Esc/h: lis…