 0 tools | 0 calls | 0 errors | avg 0ms | Sort: Calls▼ | v=dashboard            
Tool Name          │Calls    │Errors   │Err%    │Avg(ms)  │Trend                
                                                                                
                                                                                
                                                                                
                                                                                
                                                                                
                                                                                
                                                                                
                                                                                
                                                                                
                                                                                
                                                                                
                                                                                
                                                                                
                                                                                
                                                                                
                                                                                
                                                                                
                                                                                
                                                                                
                                                                                
                                                                                
                                                                                